../../Middlewares/ST/touchgfx/framework/include/touchgfx/Screen.hpp:104:18:virtual void touchgfx::Screen::afterTransition()	0	static
C:/TouchGFXProjects/pinpo/TouchGFX/gui/src/game_screen/gameView.cpp:82:6:virtual void gameView::tearDownScreen()	0	static
../../TouchGFX/gui/include/gui/game_screen/gameView.hpp:11:13:gameView::~gameView()	8	static
../../TouchGFX/gui/include/gui/game_screen/gameView.hpp:11:13:virtual gameView::~gameView()	8	static
../../Middlewares/ST/touchgfx/framework/include/touchgfx/Drawable.hpp:343:10:void touchgfx::Drawable::setXY(int16_t, int16_t)	16	static
C:/TouchGFXProjects/pinpo/TouchGFX/gui/src/game_screen/gameView.cpp:3:1:gameView::gameView()	8	static
C:/TouchGFXProjects/pinpo/TouchGFX/gui/src/game_screen/gameView.cpp:35:6:void gameView::resetBall()	16	static
C:/TouchGFXProjects/pinpo/TouchGFX/gui/src/game_screen/gameView.cpp:87:6:void gameView::checkWinner()	8	static
C:/TouchGFXProjects/pinpo/TouchGFX/gui/src/game_screen/gameView.cpp:53:6:void gameView::updateScoreText()	16	static
C:/TouchGFXProjects/pinpo/TouchGFX/gui/src/game_screen/gameView.cpp:7:6:virtual void gameView::setupScreen()	8	static
C:/TouchGFXProjects/pinpo/TouchGFX/gui/src/game_screen/gameView.cpp:63:6:virtual void gameView::handleDragEvent(const touchgfx::DragEvent&)	16	static
C:/TouchGFXProjects/pinpo/TouchGFX/gui/src/game_screen/gameView.cpp:99:6:virtual void gameView::handleTickEvent()	40	static
