../../Middlewares/ST/touchgfx/framework/include/touchgfx/Screen.hpp:104:18:virtual void touchgfx::Screen::afterTransition()	0	static
../../Middlewares/ST/touchgfx/framework/include/touchgfx/Screen.hpp:144:18:virtual void touchgfx::Screen::handleTickEvent()	0	static
../../Middlewares/ST/touchgfx/framework/include/touchgfx/Screen.hpp:154:18:virtual void touchgfx::Screen::handleKeyEvent(uint8_t)	0	static
C:/TouchGFXProjects/pinpo/TouchGFX/gui/src/mainmenu_screen/mainmenuView.cpp:13:6:virtual void mainmenuView::tearDownScreen()	0	static
../../TouchGFX/gui/include/gui/mainmenu_screen/mainmenuView.hpp:11:13:mainmenuView::~mainmenuView()	8	static
../../TouchGFX/gui/include/gui/mainmenu_screen/mainmenuView.hpp:11:13:virtual mainmenuView::~mainmenuView()	8	static
C:/TouchGFXProjects/pinpo/TouchGFX/gui/src/mainmenu_screen/mainmenuView.cpp:3:1:mainmenuView::mainmenuView()	8	static
C:/TouchGFXProjects/pinpo/TouchGFX/gui/src/mainmenu_screen/mainmenuView.cpp:8:6:virtual void mainmenuView::setupScreen()	0	static
